C.java:14: Warning:  field 'D.s' must be guarded because it is a non-final static field (StaticField)
    static String s,t;
           ^
C.java:14: Warning:  field 'D.t' must be guarded because it is a non-final static field (StaticField)
    static String s,t;
           ^
C.java:21: Warning:  field 'F.s2' must be guarded because it is a non-final static field (StaticField)
                static String s2;
                       ^
3 warnings
