C.java:5: Caution: Variable t might not have been initialized
    public final static String t;
                               ^
C.java:11: Warning:  field 'F.b' must be guarded in a thread shared class (SharedField)
    C b;
    ^
C.java:12: Warning: lock expression may not be constant.   (ConstantLocks)
    String t /*# guarded_by b.s */;
                            ^
Associated declaration is "C.java", line 12, col 17:
    String t /*# guarded_by b.s */;
                 ^
C.java:13: Warning: lock expression may not be constant.   (ConstantLocks)
    String tt /*# guarded_by b.s1, C.t, C.class */;
                             ^
Associated declaration is "C.java", line 13, col 18:
    String tt /*# guarded_by b.s1, C.t, C.class */;
                  ^
C.java:18: Warning: possible race condition.  Lock 'b.s1' may not be held. We only have '(C.class)'. (Race)
            tt = "123";
            ^
Associated declaration is "C.java", line 13, col 4:
    String tt /*# guarded_by b.s1, C.t, C.class */;
    ^
C.java:18: Warning: possible race condition.  Lock 't' may not be held. We only have '(C.class)'. (Race)
            tt = "123";
            ^
Associated declaration is "C.java", line 13, col 4:
    String tt /*# guarded_by b.s1, C.t, C.class */;
    ^
C.java:20: Warning: lock expression may not be constant.   (ConstantLocks)
        synchronized(b.s) {
                     ^
Associated declaration is "C.java", line 20, col 21:
        synchronized(b.s) {
                     ^
1 caution
6 warnings
