C.java:11: Warning: lock expression may not be constant.   (ConstantLocks)
    String t /*# guarded_by b.s */;
                            ^
Associated declaration is "C.java", line 11, col 17:
    String t /*# guarded_by b.s */;
                 ^
C.java:15: Warning: lock expression may not be constant.   (ConstantLocks)
        synchronized(b.s) {
                     ^
Associated declaration is "C.java", line 15, col 21:
        synchronized(b.s) {
                     ^
C.java:23: Warning:  field 'G.g' must be guarded in a thread shared class (SharedField)
    C g;
    ^
C.java:24: Warning:  field 'G.o' must be guarded because it is a non-final static field (StaticField)
    static Object o;
           ^
4 warnings
