C.java:3: Warning:  field 'C.s' must be guarded in a thread shared class (SharedField)
    String s;
    ^
C.java:31: Warning:  field 'G.o' must be guarded because it is a non-final static field (StaticField)
    static Object o;
           ^
C.java:34: Warning: lock expression may not be constant.   (ConstantLocks)
        synchronized(o) { 
                     ^
Associated declaration is "C.java", line 34, col 21:
        synchronized(o) { 
                     ^
C.java:47: Warning: lock expression may not be constant.   (ConstantLocks)
    /*# requires this, o */
                       ^
Associated declaration is "C.java", line 47, col 8:
    /*# requires this, o */
        ^
C.java:48: Warning: requires set must be a subset of superclass method's.   (Super)
    public void  f() {
                 ^
Associated declaration is "C.java", line 47, col 8:
    /*# requires this, o */
        ^
C.java:35: Warning: possible race condition.  Lock 'this' may not be held. We only have '(o)'. (Race)
            f();    
            ^
Associated declaration is "C.java", line 47, col 8:
    /*# requires this, o */
        ^
C.java:39: Warning: lock expression may not be constant.   (ConstantLocks)
        synchronized(o) {
                     ^
Associated declaration is "C.java", line 39, col 21:
        synchronized(o) {
                     ^
7 warnings
