C.java:3: Caution: Variable o might not have been initialized
    public static final Object o;
                               ^
C.java:8: Caution: Variable a might not have been initialized
    public static final Object a;
                               ^
C.java:14: Warning: possible race condition.  Lock 'o' may not be held. We only have '()'. (Race)
        F.s = "123";
         ^
Associated declaration is "C.java", line 9, col 11:
    static String s /*# guarded_by C.o */;
           ^
2 cautions
1 warning
