rccwiz version 1.1.1, 31 May 2000
Wed May 31 23:08:05 PDT 2000: Copying files...
rccwiz: Error: failed to find or copy source file ./Ambit-noAnnot/Ambit/Agent.java
