C.java:9: Warning:  field 'F.b' must be guarded in a thread shared class (SharedField)
    C b;
    ^
C.java:10: Warning: lock expression may not be constant.   (ConstantLocks)
    String t /*# guarded_by b.s */;
                            ^
Associated declaration is "C.java", line 10, col 17:
    String t /*# guarded_by b.s */;
                 ^
C.java:14: Warning: lock expression may not be constant.   (ConstantLocks)
        synchronized(b.s) {
                     ^
Associated declaration is "C.java", line 14, col 21:
        synchronized(b.s) {
                     ^
3 warnings
