C.java:2: Warning:  field 'A.x' must be guarded in a thread shared class (SharedField)
  public int x;
         ^
C.java:6: Warning:  field 'B.a' must be guarded in a thread shared class (SharedField)
  private A a;
          ^
C.java:11: Warning:  field 'C.b' must be guarded in a thread shared class (SharedField)
  private B b;
          ^
C.java:12: Warning:  field 'C.a' must be guarded in a thread shared class (SharedField)
  private A a;
          ^
4 warnings
