C.java:12: Warning: lock expression may not be constant.   (ConstantLocks)
    static Object o /*# guarded_by G.o */;
                                   ^
Associated declaration is "C.java", line 12, col 24:
    static Object o /*# guarded_by G.o */;
                        ^
C.java:15: Warning: lock expression may not be constant.   (ConstantLocks)
        synchronized(o) { 
                     ^
Associated declaration is "C.java", line 15, col 21:
        synchronized(o) { 
                     ^
2 warnings
